
Lenovo@AKSHETISHEREDESKTOP MINGW64 /e/2023_project/Programing_Basics
$ git status
fatal: not a git repository (or any of the parent directories): .git

Lenovo@AKSHETISHEREDESKTOP MINGW64 /e/2023_project/Programing_Basics
$ git init
Initialized empty Git repository in E:/2023_project/Programing_Basics/.git/

Lenovo@AKSHETISHEREDESKTOP MINGW64 /e/2023_project/Programing_Basics (master)
$ git status
On branch master

No commits yet

Untracked files:
  (use "git add <file>..." to include in what will be committed)
        Basics/
        C_File/
        Flow_Of_Program_Notes.pdf
        Handwritten_notes_Java_Basics.pdf
        Intro_to_Programming_Notes.pdf
        Java Intro.pdf

nothing added to commit but untracked files present (use "git add" to track)

Lenovo@AKSHETISHEREDESKTOP MINGW64 /e/2023_project/Programing_Basics (master)
$ git add.
git: 'add.' is not a git command. See 'git --help'.

The most similar command is
        add

Lenovo@AKSHETISHEREDESKTOP MINGW64 /e/2023_project/Programing_Basics (master)
$ git add .

Lenovo@AKSHETISHEREDESKTOP MINGW64 /e/2023_project/Programing_Basics (master)
$ git status
On branch master

No commits yet

Changes to be committed:
  (use "git rm --cached <file>..." to unstage)
        new file:   Basics/.idea/.gitignore
        new file:   Basics/.idea/.name
        new file:   Basics/.idea/misc.xml
        new file:   Basics/.idea/modules.xml
        new file:   Basics/.idea/uiDesigner.xml
        new file:   Basics/Basics.iml
        new file:   Basics/out/production/Basics/com/akshet/CountingOccurrence.class
        new file:   Basics/out/production/Basics/com/akshet/FibonacciSeries.class
        new file:   Basics/out/production/Basics/com/akshet/PrimeNumbers.class
        new file:   Basics/out/production/Basics/com/akshet/ReverseNumber.class
        new file:   Basics/src/com/akshet/CountingOccurrence.java
        new file:   Basics/src/com/akshet/FibonacciSeries.java
        new file:   Basics/src/com/akshet/PrimeNumbers.java
        new file:   Basics/src/com/akshet/ReverseNumber.java
        new file:   C_File/FirstClass.class
        new file:   C_File/FirstClass.java
        new file:   C_File/GitBash_Commands.txt
        new file:   C_File/Termianl_Commands.txt
        new file:   Flow_Of_Program_Notes.pdf
        new file:   Handwritten_notes_Java_Basics.pdf
        new file:   Intro_to_Programming_Notes.pdf
        new file:   Java Intro.pdf


Lenovo@AKSHETISHEREDESKTOP MINGW64 /e/2023_project/Programing_Basics (master)
$ git commit -m "initialized the git repository"
[master (root-commit) 5db5e05] initialized the git repository
 22 files changed, 655 insertions(+)
 create mode 100644 Basics/.idea/.gitignore
 create mode 100644 Basics/.idea/.name
 create mode 100644 Basics/.idea/misc.xml
 create mode 100644 Basics/.idea/modules.xml
 create mode 100644 Basics/.idea/uiDesigner.xml
 create mode 100644 Basics/Basics.iml
 create mode 100644 Basics/out/production/Basics/com/akshet/CountingOccurrence.class
 create mode 100644 Basics/out/production/Basics/com/akshet/FibonacciSeries.class
 create mode 100644 Basics/out/production/Basics/com/akshet/PrimeNumbers.class
 create mode 100644 Basics/out/production/Basics/com/akshet/ReverseNumber.class
 create mode 100644 Basics/src/com/akshet/CountingOccurrence.java
 create mode 100644 Basics/src/com/akshet/FibonacciSeries.java
 create mode 100644 Basics/src/com/akshet/PrimeNumbers.java
 create mode 100644 Basics/src/com/akshet/ReverseNumber.java
 create mode 100644 C_File/FirstClass.class
 create mode 100644 C_File/FirstClass.java
 create mode 100644 C_File/GitBash_Commands.txt
 create mode 100644 C_File/Termianl_Commands.txt
 create mode 100644 Flow_Of_Program_Notes.pdf
 create mode 100644 Handwritten_notes_Java_Basics.pdf
 create mode 100644 Intro_to_Programming_Notes.pdf
 create mode 100644 Java Intro.pdf

Lenovo@AKSHETISHEREDESKTOP MINGW64 /e/2023_project/Programing_Basics (master)
$ git status
On branch master
nothing to commit, working tree clean

Lenovo@AKSHETISHEREDESKTOP MINGW64 /e/2023_project/Programing_Basics (master)
$ git log
commit 5db5e05d11a8b6ef54563d77844aab7edc0ac1f2 (HEAD -> master)
Author: AKSHET PATIAL <akshet.patial@gmail.com>
Date:   Wed Mar 1 18:01:27 2023 +0530

    initialized the git repository

Lenovo@AKSHETISHEREDESKTOP MINGW64 /e/2023_project/Programing_Basics (master)
$ touch commands.txt

Lenovo@AKSHETISHEREDESKTOP MINGW64 /e/2023_project/Programing_Basics (master)
$ vi c
C_File/       commands.txt

Lenovo@AKSHETISHEREDESKTOP MINGW64 /e/2023_project/Programing_Basics (master)
$ vi c
C_File/       commands.txt

Lenovo@AKSHETISHEREDESKTOP MINGW64 /e/2023_project/Programing_Basics (master)
$ vi commands.txt


Lenovo@AKSHETISHEREDESKTOP MINGW64 /e/2023_project/Programing_Basics (master)
$ git log --all --graph
* commit 79e2625f94dc4f4511b73794c43f3e0ca0dc52b8 (origin/master)
| Author: AKSHET PATIAL <44276149+akshetpatial@users.noreply.github.com>
| Date:   Wed Mar 1 18:21:13 2023 +0530
|
|     Create README.md
|
* commit f270ba495eda7b6a844510841b93fd92adb145d7 (HEAD -> master)
| Author: AKSHET PATIAL <akshet.patial@gmail.com>
| Date:   Wed Mar 1 18:08:09 2023 +0530
|
|     added the commands.txt file
|
* commit 5db5e05d11a8b6ef54563d77844aab7edc0ac1f2
  Author: AKSHET PATIAL <akshet.patial@gmail.com>
  Date:   Wed Mar 1 18:01:27 2023 +0530

      initialized the git repository

Lenovo@AKSHETISHEREDESKTOP MINGW64 /e/2023_project/Programing_Basics (master)
$ git push origin master
To https://github.com/akshetpatial/ProgramingBasics.git
 ! [rejected]        master -> master (non-fast-forward)
error: failed to push some refs to 'https://github.com/akshetpatial/ProgramingBasics.git'
hint: Updates were rejected because the tip of your current branch is behind
hint: its remote counterpart. Integrate the remote changes (e.g.
hint: 'git pull ...') before pushing again.
hint: See the 'Note about fast-forwards' in 'git push --help' for details.

Lenovo@AKSHETISHEREDESKTOP MINGW64 /e/2023_project/Programing_Basics (master)
$ git merge remote/master
merge: remote/master - not something we can merge

Lenovo@AKSHETISHEREDESKTOP MINGW64 /e/2023_project/Programing_Basics (master)
$ git merge master
Already up to date.

Lenovo@AKSHETISHEREDESKTOP MINGW64 /e/2023_project/Programing_Basics (master)
$ git merge heard/master
merge: heard/master - not something we can merge

Lenovo@AKSHETISHEREDESKTOP MINGW64 /e/2023_project/Programing_Basics (master)
$ git merge origin/master
Updating f270ba4..79e2625
Fast-forward
 README.md | 1 +
 1 file changed, 1 insertion(+)
 create mode 100644 README.md

Lenovo@AKSHETISHEREDESKTOP MINGW64 /e/2023_project/Programing_Basics (master)
$ git status
On branch master
nothing to commit, working tree clean

Lenovo@AKSHETISHEREDESKTOP MINGW64 /e/2023_project/Programing_Basics (master)
$ git push origin master
Everything up-to-date


Lenovo@AKSHETISHEREDESKTOP MINGW64 /e/2023_project/Programing_Basics (master)
$ git status
On branch master
Changes to be committed:
  (use "git restore --staged <file>..." to unstage)
        new file:   Basics/.idea/vcs.xml

Changes not staged for commit:
  (use "git add <file>..." to update what will be committed)
  (use "git restore <file>..." to discard changes in working directory)
        modified:   Basics/out/production/Basics/com/akshet/ReverseNumber.class
        modified:   Basics/src/com/akshet/ReverseNumber.java

Untracked files:
  (use "git add <file>..." to include in what will be committed)
        Basics/out/production/Basics/com/akshet/ArmstrongNumber.class
        Basics/out/production/Basics/com/akshet/MethodOverloading.class
        Basics/out/production/Basics/com/akshet/VarArgs.class
        Basics/src/com/akshet/ArmstrongNumber.java
        Basics/src/com/akshet/MethodOverloading.java
        Basics/src/com/akshet/VarArgs.java
        Handwritten notes on functions and methods.pdf


Lenovo@AKSHETISHEREDESKTOP MINGW64 /e/2023_project/Programing_Basics (master)
$ git add ReverseNumber.class
fatal: pathspec 'ReverseNumber.class' did not match any files

Lenovo@AKSHETISHEREDESKTOP MINGW64 /e/2023_project/Programing_Basics (master)
$ git add Basics/out/production/Basics/com/akshet/ReverseNumber.class Basics/src/com/akshet/ReverseNumber.java

Lenovo@AKSHETISHEREDESKTOP MINGW64 /e/2023_project/Programing_Basics (master)
$ git status
On branch master
Changes to be committed:
  (use "git restore --staged <file>..." to unstage)
        new file:   Basics/.idea/vcs.xml
        modified:   Basics/out/production/Basics/com/akshet/ReverseNumber.class
        modified:   Basics/src/com/akshet/ReverseNumber.java

Untracked files:
  (use "git add <file>..." to include in what will be committed)
        Basics/out/production/Basics/com/akshet/ArmstrongNumber.class
        Basics/out/production/Basics/com/akshet/MethodOverloading.class
        Basics/out/production/Basics/com/akshet/VarArgs.class
        Basics/src/com/akshet/ArmstrongNumber.java
        Basics/src/com/akshet/MethodOverloading.java
        Basics/src/com/akshet/VarArgs.java
        Handwritten notes on functions and methods.pdf


Lenovo@AKSHETISHEREDESKTOP MINGW64 /e/2023_project/Programing_Basics (master)
$ git commit -m "modefied the ReverseNumber file"
[master 4d7a4b5] modefied the ReverseNumber file
 3 files changed, 7 insertions(+), 3 deletions(-)
 create mode 100644 Basics/.idea/vcs.xml

Lenovo@AKSHETISHEREDESKTOP MINGW64 /e/2023_project/Programing_Basics (master)
$ git status
On branch master
Untracked files:
  (use "git add <file>..." to include in what will be committed)
        Basics/out/production/Basics/com/akshet/ArmstrongNumber.class
        Basics/out/production/Basics/com/akshet/MethodOverloading.class
        Basics/out/production/Basics/com/akshet/VarArgs.class
        Basics/src/com/akshet/ArmstrongNumber.java
        Basics/src/com/akshet/MethodOverloading.java
        Basics/src/com/akshet/VarArgs.java
        Handwritten notes on functions and methods.pdf

nothing added to commit but untracked files present (use "git add" to track)

Lenovo@AKSHETISHEREDESKTOP MINGW64 /e/2023_project/Programing_Basics (master)
$ git add Basics/out/production/Basics/com/akshet/ArmstrongNumber.class Basics/src/com/akshet/ArmstrongNumber.java

Lenovo@AKSHETISHEREDESKTOP MINGW64 /e/2023_project/Programing_Basics (master)
$ git commit -m "created the Armstrong Number file"
[master 799f61e] created the Armstrong Number file
 2 files changed, 120 insertions(+)
 create mode 100644 Basics/out/production/Basics/com/akshet/ArmstrongNumber.class
 create mode 100644 Basics/src/com/akshet/ArmstrongNumber.java

Lenovo@AKSHETISHEREDESKTOP MINGW64 /e/2023_project/Programing_Basics (master)
$ git status
On branch master
Untracked files:
  (use "git add <file>..." to include in what will be committed)
        Basics/out/production/Basics/com/akshet/MethodOverloading.class
        Basics/out/production/Basics/com/akshet/VarArgs.class
        Basics/src/com/akshet/MethodOverloading.java
        Basics/src/com/akshet/VarArgs.java
        Handwritten notes on functions and methods.pdf

nothing added to commit but untracked files present (use "git add" to track)

Lenovo@AKSHETISHEREDESKTOP MINGW64 /e/2023_project/Programing_Basics (master)
$ git add Basics/out/production/Basics/com/akshet/MethodOverloading.class Basics/src/com/akshet/MethodOverloading.java

Lenovo@AKSHETISHEREDESKTOP MINGW64 /e/2023_project/Programing_Basics (master)
$ git commit -m "created the Method Overloading file"
[master 083b46b] created the Method Overloading file
 2 files changed, 41 insertions(+)
 create mode 100644 Basics/out/production/Basics/com/akshet/MethodOverloading.class
 create mode 100644 Basics/src/com/akshet/MethodOverloading.java

Lenovo@AKSHETISHEREDESKTOP MINGW64 /e/2023_project/Programing_Basics (master)
$ git status
On branch master
Untracked files:
  (use "git add <file>..." to include in what will be committed)
        Basics/out/production/Basics/com/akshet/VarArgs.class
        Basics/src/com/akshet/VarArgs.java
        Handwritten notes on functions and methods.pdf

nothing added to commit but untracked files present (use "git add" to track)

Lenovo@AKSHETISHEREDESKTOP MINGW64 /e/2023_project/Programing_Basics (master)
$ git add Basics/out/production/Basics/com/akshet/VarArgs.class.class Basics/src/com/akshet/VarArgs.java.java
fatal: pathspec 'Basics/out/production/Basics/com/akshet/VarArgs.class.class' did not match any files

Lenovo@AKSHETISHEREDESKTOP MINGW64 /e/2023_project/Programing_Basics (master)
$ git add Basics/out/production/Basics/com/akshet/VarArgs.class Basics/src/com/akshet/VarArgs.java

Lenovo@AKSHETISHEREDESKTOP MINGW64 /e/2023_project/Programing_Basics (master)
$ git commit -m "created the VarArgs file"
[master b4458d0] created the VarArgs file
 2 files changed, 26 insertions(+)
 create mode 100644 Basics/out/production/Basics/com/akshet/VarArgs.class
 create mode 100644 Basics/src/com/akshet/VarArgs.java

Lenovo@AKSHETISHEREDESKTOP MINGW64 /e/2023_project/Programing_Basics (master)
$ git status
On branch master
Untracked files:
  (use "git add <file>..." to include in what will be committed)
        Handwritten notes on functions and methods.pdf

nothing added to commit but untracked files present (use "git add" to track)

Lenovo@AKSHETISHEREDESKTOP MINGW64 /e/2023_project/Programing_Basics (master)
$ git add Handwritten\ notes\ on\ functions\ and\ methods.pdf

Lenovo@AKSHETISHEREDESKTOP MINGW64 /e/2023_project/Programing_Basics (master)
$ git status
On branch master
Changes to be committed:
  (use "git restore --staged <file>..." to unstage)
        new file:   Handwritten notes on functions and methods.pdf


Lenovo@AKSHETISHEREDESKTOP MINGW64 /e/2023_project/Programing_Basics (master)
$ git commit -m "added the Handwritten notes on functions and method pdf file"
[master 0b3320c] added the Handwritten notes on functions and method pdf file
 1 file changed, 0 insertions(+), 0 deletions(-)
 create mode 100644 Handwritten notes on functions and methods.pdf

Lenovo@AKSHETISHEREDESKTOP MINGW64 /e/2023_project/Programing_Basics (master)
$ git status
On branch master
nothing to commit, working tree clean

Lenovo@AKSHETISHEREDESKTOP MINGW64 /e/2023_project/Programing_Basics (master)
$ git log -4 --all --graph
* commit 0b3320c1ac44b9bb1e9def4291a452749f8466ec (HEAD -> master)
| Author: AKSHET PATIAL <akshet.patial@gmail.com>
| Date:   Fri Mar 3 02:07:18 2023 +0530
|
|     added the Handwritten notes on functions and method pdf file
|
* commit b4458d04d3c50fc868420f667ac06654eb1844b7
| Author: AKSHET PATIAL <akshet.patial@gmail.com>
| Date:   Fri Mar 3 02:06:12 2023 +0530
|
|     created the VarArgs file
|
* commit 083b46b4e4e1bc95e11f5ccc55d1b5a03b5442a1
| Author: AKSHET PATIAL <akshet.patial@gmail.com>
| Date:   Fri Mar 3 02:03:06 2023 +0530
|
|     created the Method Overloading file
|
* commit 799f61e74775a3c8c8181238c9fcc6cf1daed587
| Author: AKSHET PATIAL <akshet.patial@gmail.com>
| Date:   Fri Mar 3 02:00:09 2023 +0530
|
|     created the Armstrong Number file

Lenovo@AKSHETISHEREDESKTOP MINGW64 /e/2023_project/Programing_Basics (master)
$ git push origin master
Enumerating objects: 69, done.
Counting objects: 100% (69/69), done.
Delta compression using up to 2 threads
Compressing objects: 100% (33/33), done.
Writing objects: 100% (57/57), 657.93 KiB | 3.72 MiB/s, done.
Total 57 (delta 13), reused 0 (delta 0), pack-reused 0
remote: Resolving deltas: 100% (13/13), completed with 3 local objects.
To https://github.com/akshetpatial/ProgramingBasics.git
   ea66533..0b3320c  master -> master

Lenovo@AKSHETISHEREDESKTOP MINGW64 /e/2023_project/Programing_Basics (master)
$ git status
On branch master
nothing to commit, working tree clean

Lenovo@AKSHETISHEREDESKTOP MINGW64 /e/2023_project/Programing_Basics (master)
$ git log -4 --all --graph
* commit 0b3320c1ac44b9bb1e9def4291a452749f8466ec (HEAD -> master, origin/master)
| Author: AKSHET PATIAL <akshet.patial@gmail.com>
| Date:   Fri Mar 3 02:07:18 2023 +0530
|
|     added the Handwritten notes on functions and method pdf file
|
* commit b4458d04d3c50fc868420f667ac06654eb1844b7
| Author: AKSHET PATIAL <akshet.patial@gmail.com>
| Date:   Fri Mar 3 02:06:12 2023 +0530
|
|     created the VarArgs file
|
* commit 083b46b4e4e1bc95e11f5ccc55d1b5a03b5442a1
| Author: AKSHET PATIAL <akshet.patial@gmail.com>
| Date:   Fri Mar 3 02:03:06 2023 +0530
|
|     created the Method Overloading file
|
* commit 799f61e74775a3c8c8181238c9fcc6cf1daed587
| Author: AKSHET PATIAL <akshet.patial@gmail.com>
| Date:   Fri Mar 3 02:00:09 2023 +0530
|
|     created the Armstrong Number file



